// Jest Snapshot v1, https://goo.gl/fbAQLP

exports[`<ChatAvatar /> renders correctly 1`] = `
<div
  className="MuiAvatar-root-4 MuiAvatar-colorDefault-5"
  style={
    Object {
      "backgroundColor": "#9c27b0",
    }
  }
>
  PC
</div>
`;
